// Jest Snapshot v1, https://goo.gl/fbAQLP

exports[`renders without crashing 1`] = `
ShallowWrapper {
  Symbol(enzyme.__root__): [Circular],
  Symbol(enzyme.__unrendered__): <ToolsBar />,
  Symbol(enzyme.__renderer__): Object {
    "batchedUpdates": [Function],
    "checkPropTypes": [Function],
    "getNode": [Function],
    "render": [Function],
    "simulateError": [Function],
    "simulateEvent": [Function],
    "unmount": [Function],
  },
  Symbol(enzyme.__node__): Object {
    "instance": null,
    "key": undefined,
    "nodeType": "function",
    "props": Object {
      "children": Array [
        <Connect(UnconnectInput) />,
        <UNDEFINED
          list={Array []}
        />,
      ],
    },
    "ref": null,
    "rendered": Array [
      Object {
        "instance": null,
        "key": undefined,
        "nodeType": "class",
        "props": Object {},
        "ref": null,
        "rendered": null,
        "type": [Function],
      },
      Object {
        "instance": null,
        "key": undefined,
        "nodeType": "function",
        "props": Object {
          "list": Array [],
        },
        "ref": null,
        "rendered": null,
        "type": undefined,
      },
    ],
    "type": Object {
      "$$typeof": Symbol(react.forward_ref),
      "attrs": Array [],
      "componentStyle": ComponentStyle {
        "componentId": "sc-bwzfXH",
        "isStatic": true,
        "rules": Array [
          "
  display:flex;
  flex:1;
  height:50%;
  padding-top: 30px;
  justify-content:start-flex;
  align-items: center;
  flex-direction: column;
",
        ],
      },
      "displayName": "styled.div",
      "foldedComponentIds": Array [],
      "render": [Function],
      "styledComponentId": "sc-bwzfXH",
      "target": "div",
      "toString": [Function],
      "warnTooManyClasses": [Function],
      "withComponent": [Function],
    },
  },
  Symbol(enzyme.__nodes__): Array [
    Object {
      "instance": null,
      "key": undefined,
      "nodeType": "function",
      "props": Object {
        "children": Array [
          <Connect(UnconnectInput) />,
          <UNDEFINED
            list={Array []}
          />,
        ],
      },
      "ref": null,
      "rendered": Array [
        Object {
          "instance": null,
          "key": undefined,
          "nodeType": "class",
          "props": Object {},
          "ref": null,
          "rendered": null,
          "type": [Function],
        },
        Object {
          "instance": null,
          "key": undefined,
          "nodeType": "function",
          "props": Object {
            "list": Array [],
          },
          "ref": null,
          "rendered": null,
          "type": undefined,
        },
      ],
      "type": Object {
        "$$typeof": Symbol(react.forward_ref),
        "attrs": Array [],
        "componentStyle": ComponentStyle {
          "componentId": "sc-bwzfXH",
          "isStatic": true,
          "rules": Array [
            "
  display:flex;
  flex:1;
  height:50%;
  padding-top: 30px;
  justify-content:start-flex;
  align-items: center;
  flex-direction: column;
",
          ],
        },
        "displayName": "styled.div",
        "foldedComponentIds": Array [],
        "render": [Function],
        "styledComponentId": "sc-bwzfXH",
        "target": "div",
        "toString": [Function],
        "warnTooManyClasses": [Function],
        "withComponent": [Function],
      },
    },
  ],
  Symbol(enzyme.__options__): Object {
    "adapter": ReactSixteenAdapter {
      "options": Object {
        "enableComponentDidUpdateOnSetState": true,
        "legacyContextMode": "parent",
        "lifecycles": Object {
          "componentDidUpdate": Object {
            "onSetState": true,
          },
          "getChildContext": Object {
            "calledByRenderer": false,
          },
          "getDerivedStateFromProps": true,
          "getSnapshotBeforeUpdate": true,
          "setState": Object {
            "skipsComponentDidUpdateOnNullish": true,
          },
        },
      },
    },
  },
}
`;
